Archive member included to satisfy reference by file (symbol)

c:/program files (x86)/atmel/studio/7.0/toolchain/avr8/avr8-gnu-toolchain/bin/../lib/gcc/avr/5.4.0/avr5\libgcc.a(_udivmodqi4.o)
                              LCD.o (__udivmodqi4)
c:/program files (x86)/atmel/studio/7.0/toolchain/avr8/avr8-gnu-toolchain/bin/../lib/gcc/avr/5.4.0/avr5\libgcc.a(_udivmodhi4.o)
                              FreeRTOS/Source/portable/MemMang/heap_4.o (__udivmodhi4)
c:/program files (x86)/atmel/studio/7.0/toolchain/avr8/avr8-gnu-toolchain/bin/../lib/gcc/avr/5.4.0/avr5\libgcc.a(_divmodsi4.o)
                              LCD.o (__divmodsi4)
c:/program files (x86)/atmel/studio/7.0/toolchain/avr8/avr8-gnu-toolchain/bin/../lib/gcc/avr/5.4.0/avr5\libgcc.a(_negsi2.o)
                              c:/program files (x86)/atmel/studio/7.0/toolchain/avr8/avr8-gnu-toolchain/bin/../lib/gcc/avr/5.4.0/avr5\libgcc.a(_divmodsi4.o) (__negsi2)
c:/program files (x86)/atmel/studio/7.0/toolchain/avr8/avr8-gnu-toolchain/bin/../lib/gcc/avr/5.4.0/avr5\libgcc.a(_exit.o)
                              C:/Program Files (x86)/Atmel/Studio/7.0/Packs/atmel/ATmega_DFP/1.7.374/gcc/dev/atmega32/avr5/crtatmega32.o (exit)
c:/program files (x86)/atmel/studio/7.0/toolchain/avr8/avr8-gnu-toolchain/bin/../lib/gcc/avr/5.4.0/avr5\libgcc.a(_tablejump2.o)
                              FreeRTOS/Source/timers.o (__tablejump2__)
c:/program files (x86)/atmel/studio/7.0/toolchain/avr8/avr8-gnu-toolchain/bin/../lib/gcc/avr/5.4.0/avr5\libgcc.a(_copy_data.o)
                              DIO_cfg.o (__do_copy_data)
c:/program files (x86)/atmel/studio/7.0/toolchain/avr8/avr8-gnu-toolchain/bin/../lib/gcc/avr/5.4.0/avr5\libgcc.a(_clear_bss.o)
                              FreeRTOS/Source/portable/MemMang/heap_4.o (__do_clear_bss)
c:/program files (x86)/atmel/studio/7.0/toolchain/avr8/avr8-gnu-toolchain/bin/../lib/gcc/avr/5.4.0/avr5\libgcc.a(_udivmodsi4.o)
                              c:/program files (x86)/atmel/studio/7.0/toolchain/avr8/avr8-gnu-toolchain/bin/../lib/gcc/avr/5.4.0/avr5\libgcc.a(_divmodsi4.o) (__udivmodsi4)
c:/program files (x86)/atmel/studio/7.0/toolchain/avr8/avr8-gnu-toolchain/bin/../lib/gcc/avr/5.4.0/../../../../avr/lib/avr5\libc.a(memcpy.o)
                              FreeRTOS/Source/queue.o (memcpy)
c:/program files (x86)/atmel/studio/7.0/toolchain/avr8/avr8-gnu-toolchain/bin/../lib/gcc/avr/5.4.0/../../../../avr/lib/avr5\libc.a(memset.o)
                              FreeRTOS/Source/portable/MemMang/heap_4.o (memset)

Discarded input sections

 .data          0x00000000        0x0 C:/Program Files (x86)/Atmel/Studio/7.0/Packs/atmel/ATmega_DFP/1.7.374/gcc/dev/atmega32/avr5/crtatmega32.o
 .bss           0x00000000        0x0 C:/Program Files (x86)/Atmel/Studio/7.0/Packs/atmel/ATmega_DFP/1.7.374/gcc/dev/atmega32/avr5/crtatmega32.o
 .text          0x00000000        0x0 DIO.o
 .data          0x00000000        0x0 DIO.o
 .bss           0x00000000        0x0 DIO.o
 .text.DIO_InitPin
                0x00000000      0x1fa DIO.o
 .text.DIO_Init
                0x00000000       0x20 DIO.o
 .text.DIO_ReadPin
                0x00000000       0x68 DIO.o
 .text.DIO_WritePin2
                0x00000000      0x11c DIO.o
 .text.DIO_ReadPin2
                0x00000000       0x76 DIO.o
 .text.DIO_TogglePin
                0x00000000       0x80 DIO.o
 .text.DIO_WritePort
                0x00000000       0x20 DIO.o
 .text.DIO_ReadPort
                0x00000000       0x24 DIO.o
 .text          0x00000000        0x0 DIO_cfg.o
 .data          0x00000000        0x0 DIO_cfg.o
 .bss           0x00000000        0x0 DIO_cfg.o
 .rodata.PinsStatusArray
                0x00000000       0x20 DIO_cfg.o
 .debug_info    0x00000000      0x178 DIO_cfg.o
 .debug_abbrev  0x00000000       0x75 DIO_cfg.o
 .debug_aranges
                0x00000000       0x18 DIO_cfg.o
 .debug_line    0x00000000       0x3f DIO_cfg.o
 .debug_str     0x00000000      0x24b DIO_cfg.o
 .comment       0x00000000       0x31 DIO_cfg.o
 .text          0x00000000        0x0 FreeRTOS/Source/list.o
 .data          0x00000000        0x0 FreeRTOS/Source/list.o
 .bss           0x00000000        0x0 FreeRTOS/Source/list.o
 .text.vListInsertEnd
                0x00000000       0x42 FreeRTOS/Source/list.o
 .text          0x00000000        0x0 FreeRTOS/Source/portable/GCC/ATMega323/port.o
 .data          0x00000000        0x0 FreeRTOS/Source/portable/GCC/ATMega323/port.o
 .bss           0x00000000        0x0 FreeRTOS/Source/portable/GCC/ATMega323/port.o
 .text.vPortEndScheduler
                0x00000000        0x2 FreeRTOS/Source/portable/GCC/ATMega323/port.o
 .text          0x00000000        0x0 FreeRTOS/Source/portable/MemMang/heap_4.o
 .data          0x00000000        0x0 FreeRTOS/Source/portable/MemMang/heap_4.o
 .bss           0x00000000        0x0 FreeRTOS/Source/portable/MemMang/heap_4.o
 .text.xPortGetFreeHeapSize
                0x00000000        0xa FreeRTOS/Source/portable/MemMang/heap_4.o
 .text.xPortGetMinimumEverFreeHeapSize
                0x00000000        0xa FreeRTOS/Source/portable/MemMang/heap_4.o
 .text.vPortInitialiseBlocks
                0x00000000        0x2 FreeRTOS/Source/portable/MemMang/heap_4.o
 .text.pvPortCalloc
                0x00000000       0x6a FreeRTOS/Source/portable/MemMang/heap_4.o
 .text.vPortGetHeapStats
                0x00000000       0xc6 FreeRTOS/Source/portable/MemMang/heap_4.o
 .text          0x00000000        0x0 FreeRTOS/Source/queue.o
 .data          0x00000000        0x0 FreeRTOS/Source/queue.o
 .bss           0x00000000        0x0 FreeRTOS/Source/queue.o
 .text.xQueueGiveFromISR
                0x00000000       0x70 FreeRTOS/Source/queue.o
 .text.xQueueSemaphoreTake
                0x00000000      0x106 FreeRTOS/Source/queue.o
 .text.xQueuePeek
                0x00000000      0x122 FreeRTOS/Source/queue.o
 .text.xQueueReceiveFromISR
                0x00000000       0x7a FreeRTOS/Source/queue.o
 .text.xQueuePeekFromISR
                0x00000000       0x2e FreeRTOS/Source/queue.o
 .text.uxQueueMessagesWaiting
                0x00000000       0x10 FreeRTOS/Source/queue.o
 .text.uxQueueSpacesAvailable
                0x00000000       0x16 FreeRTOS/Source/queue.o
 .text.uxQueueMessagesWaitingFromISR
                0x00000000        0x6 FreeRTOS/Source/queue.o
 .text.vQueueDelete
                0x00000000        0x6 FreeRTOS/Source/queue.o
 .text.xQueueIsQueueEmptyFromISR
                0x00000000       0x10 FreeRTOS/Source/queue.o
 .text.xQueueIsQueueFullFromISR
                0x00000000       0x12 FreeRTOS/Source/queue.o
 .text          0x00000000        0x0 FreeRTOS/Source/tasks.o
 .data          0x00000000        0x0 FreeRTOS/Source/tasks.o
 .bss           0x00000000        0x0 FreeRTOS/Source/tasks.o
 .text.prvTaskIsTaskSuspended
                0x00000000       0x2e FreeRTOS/Source/tasks.o
 .text.prvTaskCheckFreeStackSpace
                0x00000000       0x1a FreeRTOS/Source/tasks.o
 .text.vTaskDelete
                0x00000000       0xb0 FreeRTOS/Source/tasks.o
 .text.vTaskResume
                0x00000000       0xcc FreeRTOS/Source/tasks.o
 .text.xTaskResumeFromISR
                0x00000000       0xda FreeRTOS/Source/tasks.o
 .text.vTaskEndScheduler
                0x00000000        0xc FreeRTOS/Source/tasks.o
 .text.xTaskGetTickCountFromISR
                0x00000000        0xa FreeRTOS/Source/tasks.o
 .text.pcTaskGetName
                0x00000000       0x10 FreeRTOS/Source/tasks.o
 .text.xTaskDelayUntil
                0x00000000       0x84 FreeRTOS/Source/tasks.o
 .text.vTaskDelay
                0x00000000       0x2c FreeRTOS/Source/tasks.o
 .text.xTaskCatchUpTicks
                0x00000000       0x32 FreeRTOS/Source/tasks.o
 .text.vTaskSuspend
                0x00000000       0xc2 FreeRTOS/Source/tasks.o
 .text.vTaskPlaceOnUnorderedEventList
                0x00000000       0x8c FreeRTOS/Source/tasks.o
 .text.vTaskRemoveFromUnorderedEventList
                0x00000000      0x14c FreeRTOS/Source/tasks.o
 .text.vTaskSetTimeOutState
                0x00000000       0x20 FreeRTOS/Source/tasks.o
 .text.uxTaskGetStackHighWaterMark
                0x00000000       0x18 FreeRTOS/Source/tasks.o
 .text.xTaskGetCurrentTaskHandle
                0x00000000        0xa FreeRTOS/Source/tasks.o
 .text.uxTaskResetEventItemValue
                0x00000000       0x2e FreeRTOS/Source/tasks.o
 .text.ulTaskGenericNotifyTake
                0x00000000      0x106 FreeRTOS/Source/tasks.o
 .text.xTaskGenericNotifyWait
                0x00000000      0x142 FreeRTOS/Source/tasks.o
 .text.xTaskGenericNotify
                0x00000000      0x20a FreeRTOS/Source/tasks.o
 .text.xTaskGenericNotifyFromISR
                0x00000000      0x260 FreeRTOS/Source/tasks.o
 .text.vTaskGenericNotifyGiveFromISR
                0x00000000      0x194 FreeRTOS/Source/tasks.o
 .text.xTaskGenericNotifyStateClear
                0x00000000       0x34 FreeRTOS/Source/tasks.o
 .text.ulTaskGenericNotifyValueClear
                0x00000000       0x6c FreeRTOS/Source/tasks.o
 .text          0x00000000        0x0 FreeRTOS/Source/timers.o
 .data          0x00000000        0x0 FreeRTOS/Source/timers.o
 .bss           0x00000000        0x0 FreeRTOS/Source/timers.o
 .text.prvInitialiseNewTimer
                0x00000000       0x66 FreeRTOS/Source/timers.o
 .text.xTimerCreate
                0x00000000       0x5e FreeRTOS/Source/timers.o
 .text.xTimerGetTimerDaemonTaskHandle
                0x00000000        0xa FreeRTOS/Source/timers.o
 .text.xTimerGetPeriod
                0x00000000        0x8 FreeRTOS/Source/timers.o
 .text.vTimerSetReloadMode
                0x00000000       0x22 FreeRTOS/Source/timers.o
 .text.xTimerGetReloadMode
                0x00000000       0x1a FreeRTOS/Source/timers.o
 .text.uxTimerGetReloadMode
                0x00000000        0x6 FreeRTOS/Source/timers.o
 .text.xTimerGetExpiryTime
                0x00000000        0x8 FreeRTOS/Source/timers.o
 .text.pcTimerGetName
                0x00000000        0x8 FreeRTOS/Source/timers.o
 .text.xTimerIsTimerActive
                0x00000000       0x1a FreeRTOS/Source/timers.o
 .text.pvTimerGetTimerID
                0x00000000       0x12 FreeRTOS/Source/timers.o
 .text.vTimerSetTimerID
                0x00000000       0x12 FreeRTOS/Source/timers.o
 .text          0x00000000        0x0 KEYPAD.o
 .data          0x00000000        0x0 KEYPAD.o
 .bss           0x00000000        0x0 KEYPAD.o
 .text.KEYPAD_GetKey
                0x00000000       0x76 KEYPAD.o
 .rodata.KeysArray
                0x00000000       0x10 KEYPAD.o
 .text          0x00000000        0x0 LCD.o
 .data          0x00000000        0x0 LCD.o
 .bss           0x00000000        0x0 LCD.o
 .text.WriteData
                0x00000000       0xc0 LCD.o
 .text.LCD_SetCursor
                0x00000000       0x46 LCD.o
 .text.LCD_ManageCursor
                0x00000000       0x28 LCD.o
 .text.LCD_WriteChar
                0x00000000       0x1c LCD.o
 .text.LCD_WriteNumber
                0x00000000       0xc6 LCD.o
 .text.LCD_WriteNumber_4digits
                0x00000000       0xaa LCD.o
 .text.LCD_WriteString
                0x00000000       0x26 LCD.o
 .rodata.str1.1
                0x00000000        0x6 LCD.o
 .text.LCD_WriteBinary
                0x00000000       0x3e LCD.o
 .text.LCD_WriteHex
                0x00000000       0x4e LCD.o
 .text.LCD_Clear
                0x00000000       0x1e LCD.o
 .text.LCD_SnakeString
                0x00000000       0x6c LCD.o
 .text.LCD_SetShape
                0x00000000       0x3c LCD.o
 .text.LCD_ClearCells
                0x00000000       0x34 LCD.o
 .data.lcd_cursorLine
                0x00000000        0x1 LCD.o
 .data.lcd_cursorCell
                0x00000000        0x1 LCD.o
 .text          0x00000000        0x0 main.o
 .data          0x00000000        0x0 main.o
 .bss           0x00000000        0x0 main.o
 .text.CalcTask_Func
                0x00000000        0x2 main.o
 .text.DisplayTask_Func
                0x00000000        0x2 main.o
 .text.ClockTime_Func
                0x00000000        0x2 main.o
 .text.CheckTime_Func
                0x00000000        0x2 main.o
 .bss.time_out_sem
                0x00000000        0x2 main.o
 .bss.clock2display_queue
                0x00000000        0x2 main.o
 .bss.calc2display_queue
                0x00000000        0x2 main.o
 .bss.keypad2display_queue
                0x00000000        0x2 main.o
 .bss.keypad2calc_queue
                0x00000000        0x2 main.o
 .bss.check_time_handle
                0x00000000        0x2 main.o
 .bss.clock_time_handle
                0x00000000        0x2 main.o
 .bss.display_task_handle
                0x00000000        0x2 main.o
 .bss.calculate_task_handle
                0x00000000        0x2 main.o
 .bss.keypad_task_handle
                0x00000000        0x2 main.o
 .text          0x00000000        0x0 c:/program files (x86)/atmel/studio/7.0/toolchain/avr8/avr8-gnu-toolchain/bin/../lib/gcc/avr/5.4.0/avr5\libgcc.a(_udivmodqi4.o)
 .data          0x00000000        0x0 c:/program files (x86)/atmel/studio/7.0/toolchain/avr8/avr8-gnu-toolchain/bin/../lib/gcc/avr/5.4.0/avr5\libgcc.a(_udivmodqi4.o)
 .bss           0x00000000        0x0 c:/program files (x86)/atmel/studio/7.0/toolchain/avr8/avr8-gnu-toolchain/bin/../lib/gcc/avr/5.4.0/avr5\libgcc.a(_udivmodqi4.o)
 .text.libgcc.mul
                0x00000000        0x0 c:/program files (x86)/atmel/studio/7.0/toolchain/avr8/avr8-gnu-toolchain/bin/../lib/gcc/avr/5.4.0/avr5\libgcc.a(_udivmodqi4.o)
 .text.libgcc.div
                0x00000000       0x18 c:/program files (x86)/atmel/studio/7.0/toolchain/avr8/avr8-gnu-toolchain/bin/../lib/gcc/avr/5.4.0/avr5\libgcc.a(_udivmodqi4.o)
 .text.libgcc   0x00000000        0x0 c:/program files (x86)/atmel/studio/7.0/toolchain/avr8/avr8-gnu-toolchain/bin/../lib/gcc/avr/5.4.0/avr5\libgcc.a(_udivmodqi4.o)
 .text.libgcc.prologue
                0x00000000        0x0 c:/program files (x86)/atmel/studio/7.0/toolchain/avr8/avr8-gnu-toolchain/bin/../lib/gcc/avr/5.4.0/avr5\libgcc.a(_udivmodqi4.o)
 .text.libgcc.builtins
                0x00000000        0x0 c:/program files (x86)/atmel/studio/7.0/toolchain/avr8/avr8-gnu-toolchain/bin/../lib/gcc/avr/5.4.0/avr5\libgcc.a(_udivmodqi4.o)
 .text.libgcc.fmul
                0x00000000        0x0 c:/program files (x86)/atmel/studio/7.0/toolchain/avr8/avr8-gnu-toolchain/bin/../lib/gcc/avr/5.4.0/avr5\libgcc.a(_udivmodqi4.o)
 .text.libgcc.fixed
                0x00000000        0x0 c:/program files (x86)/atmel/studio/7.0/toolchain/avr8/avr8-gnu-toolchain/bin/../lib/gcc/avr/5.4.0/avr5\libgcc.a(_udivmodqi4.o)
 .text          0x00000000        0x0 c:/program files (x86)/atmel/studio/7.0/toolchain/avr8/avr8-gnu-toolchain/bin/../lib/gcc/avr/5.4.0/avr5\libgcc.a(_udivmodhi4.o)
 .data          0x00000000        0x0 c:/program files (x86)/atmel/studio/7.0/toolchain/avr8/avr8-gnu-toolchain/bin/../lib/gcc/avr/5.4.0/avr5\libgcc.a(_udivmodhi4.o)
 .bss           0x00000000        0x0 c:/program files (x86)/atmel/studio/7.0/toolchain/avr8/avr8-gnu-toolchain/bin/../lib/gcc/avr/5.4.0/avr5\libgcc.a(_udivmodhi4.o)
 .text.libgcc.mul
                0x00000000        0x0 c:/program files (x86)/atmel/studio/7.0/toolchain/avr8/avr8-gnu-toolchain/bin/../lib/gcc/avr/5.4.0/avr5\libgcc.a(_udivmodhi4.o)
 .text.libgcc   0x00000000        0x0 c:/program files (x86)/atmel/studio/7.0/toolchain/avr8/avr8-gnu-toolchain/bin/../lib/gcc/avr/5.4.0/avr5\libgcc.a(_udivmodhi4.o)
 .text.libgcc.prologue
                0x00000000        0x0 c:/program files (x86)/atmel/studio/7.0/toolchain/avr8/avr8-gnu-toolchain/bin/../lib/gcc/avr/5.4.0/avr5\libgcc.a(_udivmodhi4.o)
 .text.libgcc.builtins
                0x00000000        0x0 c:/program files (x86)/atmel/studio/7.0/toolchain/avr8/avr8-gnu-toolchain/bin/../lib/gcc/avr/5.4.0/avr5\libgcc.a(_udivmodhi4.o)
 .text.libgcc.fmul
                0x00000000        0x0 c:/program files (x86)/atmel/studio/7.0/toolchain/avr8/avr8-gnu-toolchain/bin/../lib/gcc/avr/5.4.0/avr5\libgcc.a(_udivmodhi4.o)
 .text.libgcc.fixed
                0x00000000        0x0 c:/program files (x86)/atmel/studio/7.0/toolchain/avr8/avr8-gnu-toolchain/bin/../lib/gcc/avr/5.4.0/avr5\libgcc.a(_udivmodhi4.o)
 .text          0x00000000        0x0 c:/program files (x86)/atmel/studio/7.0/toolchain/avr8/avr8-gnu-toolchain/bin/../lib/gcc/avr/5.4.0/avr5\libgcc.a(_divmodsi4.o)
 .data          0x00000000        0x0 c:/program files (x86)/atmel/studio/7.0/toolchain/avr8/avr8-gnu-toolchain/bin/../lib/gcc/avr/5.4.0/avr5\libgcc.a(_divmodsi4.o)
 .bss           0x00000000        0x0 c:/program files (x86)/atmel/studio/7.0/toolchain/avr8/avr8-gnu-toolchain/bin/../lib/gcc/avr/5.4.0/avr5\libgcc.a(_divmodsi4.o)
 .text.libgcc.mul
                0x00000000        0x0 c:/program files (x86)/atmel/studio/7.0/toolchain/avr8/avr8-gnu-toolchain/bin/../lib/gcc/avr/5.4.0/avr5\libgcc.a(_divmodsi4.o)
 .text.libgcc.div
                0x00000000       0x2e c:/program files (x86)/atmel/studio/7.0/toolchain/avr8/avr8-gnu-toolchain/bin/../lib/gcc/avr/5.4.0/avr5\libgcc.a(_divmodsi4.o)
 .text.libgcc   0x00000000        0x0 c:/program files (x86)/atmel/studio/7.0/toolchain/avr8/avr8-gnu-toolchain/bin/../lib/gcc/avr/5.4.0/avr5\libgcc.a(_divmodsi4.o)
 .text.libgcc.prologue
                0x00000000        0x0 c:/program files (x86)/atmel/studio/7.0/toolchain/avr8/avr8-gnu-toolchain/bin/../lib/gcc/avr/5.4.0/avr5\libgcc.a(_divmodsi4.o)
 .text.libgcc.builtins
                0x00000000        0x0 c:/program files (x86)/atmel/studio/7.0/toolchain/avr8/avr8-gnu-toolchain/bin/../lib/gcc/avr/5.4.0/avr5\libgcc.a(_divmodsi4.o)
 .text.libgcc.fmul
                0x00000000        0x0 c:/program files (x86)/atmel/studio/7.0/toolchain/avr8/avr8-gnu-toolchain/bin/../lib/gcc/avr/5.4.0/avr5\libgcc.a(_divmodsi4.o)
 .text.libgcc.fixed
                0x00000000        0x0 c:/program files (x86)/atmel/studio/7.0/toolchain/avr8/avr8-gnu-toolchain/bin/../lib/gcc/avr/5.4.0/avr5\libgcc.a(_divmodsi4.o)
 .text          0x00000000        0x0 c:/program files (x86)/atmel/studio/7.0/toolchain/avr8/avr8-gnu-toolchain/bin/../lib/gcc/avr/5.4.0/avr5\libgcc.a(_negsi2.o)
 .data          0x00000000        0x0 c:/program files (x86)/atmel/studio/7.0/toolchain/avr8/avr8-gnu-toolchain/bin/../lib/gcc/avr/5.4.0/avr5\libgcc.a(_negsi2.o)
 .bss           0x00000000        0x0 c:/program files (x86)/atmel/studio/7.0/toolchain/avr8/avr8-gnu-toolchain/bin/../lib/gcc/avr/5.4.0/avr5\libgcc.a(_negsi2.o)
 .text.libgcc.mul
                0x00000000        0x0 c:/program files (x86)/atmel/studio/7.0/toolchain/avr8/avr8-gnu-toolchain/bin/../lib/gcc/avr/5.4.0/avr5\libgcc.a(_negsi2.o)
 .text.libgcc.div
                0x00000000       0x10 c:/program files (x86)/atmel/studio/7.0/toolchain/avr8/avr8-gnu-toolchain/bin/../lib/gcc/avr/5.4.0/avr5\libgcc.a(_negsi2.o)
 .text.libgcc   0x00000000        0x0 c:/program files (x86)/atmel/studio/7.0/toolchain/avr8/avr8-gnu-toolchain/bin/../lib/gcc/avr/5.4.0/avr5\libgcc.a(_negsi2.o)
 .text.libgcc.prologue
                0x00000000        0x0 c:/program files (x86)/atmel/studio/7.0/toolchain/avr8/avr8-gnu-toolchain/bin/../lib/gcc/avr/5.4.0/avr5\libgcc.a(_negsi2.o)
 .text.libgcc.builtins
                0x00000000        0x0 c:/program files (x86)/atmel/studio/7.0/toolchain/avr8/avr8-gnu-toolchain/bin/../lib/gcc/avr/5.4.0/avr5\libgcc.a(_negsi2.o)
 .text.libgcc.fmul
                0x00000000        0x0 c:/program files (x86)/atmel/studio/7.0/toolchain/avr8/avr8-gnu-toolchain/bin/../lib/gcc/avr/5.4.0/avr5\libgcc.a(_negsi2.o)
 .text.libgcc.fixed
                0x00000000        0x0 c:/program files (x86)/atmel/studio/7.0/toolchain/avr8/avr8-gnu-toolchain/bin/../lib/gcc/avr/5.4.0/avr5\libgcc.a(_negsi2.o)
 .text          0x00000000        0x0 c:/program files (x86)/atmel/studio/7.0/toolchain/avr8/avr8-gnu-toolchain/bin/../lib/gcc/avr/5.4.0/avr5\libgcc.a(_exit.o)
 .data          0x00000000        0x0 c:/program files (x86)/atmel/studio/7.0/toolchain/avr8/avr8-gnu-toolchain/bin/../lib/gcc/avr/5.4.0/avr5\libgcc.a(_exit.o)
 .bss           0x00000000        0x0 c:/program files (x86)/atmel/studio/7.0/toolchain/avr8/avr8-gnu-toolchain/bin/../lib/gcc/avr/5.4.0/avr5\libgcc.a(_exit.o)
 .text.libgcc.mul
                0x00000000        0x0 c:/program files (x86)/atmel/studio/7.0/toolchain/avr8/avr8-gnu-toolchain/bin/../lib/gcc/avr/5.4.0/avr5\libgcc.a(_exit.o)
 .text.libgcc.div
                0x00000000        0x0 c:/program files (x86)/atmel/studio/7.0/toolchain/avr8/avr8-gnu-toolchain/bin/../lib/gcc/avr/5.4.0/avr5\libgcc.a(_exit.o)
 .text.libgcc   0x00000000        0x0 c:/program files (x86)/atmel/studio/7.0/toolchain/avr8/avr8-gnu-toolchain/bin/../lib/gcc/avr/5.4.0/avr5\libgcc.a(_exit.o)
 .text.libgcc.prologue
                0x00000000        0x0 c:/program files (x86)/atmel/studio/7.0/toolchain/avr8/avr8-gnu-toolchain/bin/../lib/gcc/avr/5.4.0/avr5\libgcc.a(_exit.o)
 .text.libgcc.builtins
                0x00000000        0x0 c:/program files (x86)/atmel/studio/7.0/toolchain/avr8/avr8-gnu-toolchain/bin/../lib/gcc/avr/5.4.0/avr5\libgcc.a(_exit.o)
 .text.libgcc.fmul
                0x00000000        0x0 c:/program files (x86)/atmel/studio/7.0/toolchain/avr8/avr8-gnu-toolchain/bin/../lib/gcc/avr/5.4.0/avr5\libgcc.a(_exit.o)
 .text.libgcc.fixed
                0x00000000        0x0 c:/program files (x86)/atmel/studio/7.0/toolchain/avr8/avr8-gnu-toolchain/bin/../lib/gcc/avr/5.4.0/avr5\libgcc.a(_exit.o)
 .text          0x00000000        0x0 c:/program files (x86)/atmel/studio/7.0/toolchain/avr8/avr8-gnu-toolchain/bin/../lib/gcc/avr/5.4.0/avr5\libgcc.a(_tablejump2.o)
 .data          0x00000000        0x0 c:/program files (x86)/atmel/studio/7.0/toolchain/avr8/avr8-gnu-toolchain/bin/../lib/gcc/avr/5.4.0/avr5\libgcc.a(_tablejump2.o)
 .bss           0x00000000        0x0 c:/program files (x86)/atmel/studio/7.0/toolchain/avr8/avr8-gnu-toolchain/bin/../lib/gcc/avr/5.4.0/avr5\libgcc.a(_tablejump2.o)
 .text.libgcc.mul
                0x00000000        0x0 c:/program files (x86)/atmel/studio/7.0/toolchain/avr8/avr8-gnu-toolchain/bin/../lib/gcc/avr/5.4.0/avr5\libgcc.a(_tablejump2.o)
 .text.libgcc.div
                0x00000000        0x0 c:/program files (x86)/atmel/studio/7.0/toolchain/avr8/avr8-gnu-toolchain/bin/../lib/gcc/avr/5.4.0/avr5\libgcc.a(_tablejump2.o)
 .text.libgcc.prologue
                0x00000000        0x0 c:/program files (x86)/atmel/studio/7.0/toolchain/avr8/avr8-gnu-toolchain/bin/../lib/gcc/avr/5.4.0/avr5\libgcc.a(_tablejump2.o)
 .text.libgcc.builtins
                0x00000000        0x0 c:/program files (x86)/atmel/studio/7.0/toolchain/avr8/avr8-gnu-toolchain/bin/../lib/gcc/avr/5.4.0/avr5\libgcc.a(_tablejump2.o)
 .text.libgcc.fmul
                0x00000000        0x0 c:/program files (x86)/atmel/studio/7.0/toolchain/avr8/avr8-gnu-toolchain/bin/../lib/gcc/avr/5.4.0/avr5\libgcc.a(_tablejump2.o)
 .text.libgcc.fixed
                0x00000000        0x0 c:/program files (x86)/atmel/studio/7.0/toolchain/avr8/avr8-gnu-toolchain/bin/../lib/gcc/avr/5.4.0/avr5\libgcc.a(_tablejump2.o)
 .text          0x00000000        0x0 c:/program files (x86)/atmel/studio/7.0/toolchain/avr8/avr8-gnu-toolchain/bin/../lib/gcc/avr/5.4.0/avr5\libgcc.a(_copy_data.o)
 .data          0x00000000        0x0 c:/program files (x86)/atmel/studio/7.0/toolchain/avr8/avr8-gnu-toolchain/bin/../lib/gcc/avr/5.4.0/avr5\libgcc.a(_copy_data.o)
 .bss           0x00000000        0x0 c:/program files (x86)/atmel/studio/7.0/toolchain/avr8/avr8-gnu-toolchain/bin/../lib/gcc/avr/5.4.0/avr5\libgcc.a(_copy_data.o)
 .text.libgcc.mul
                0x00000000        0x0 c:/program files (x86)/atmel/studio/7.0/toolchain/avr8/avr8-gnu-toolchain/bin/../lib/gcc/avr/5.4.0/avr5\libgcc.a(_copy_data.o)
 .text.libgcc.div
                0x00000000        0x0 c:/program files (x86)/atmel/studio/7.0/toolchain/avr8/avr8-gnu-toolchain/bin/../lib/gcc/avr/5.4.0/avr5\libgcc.a(_copy_data.o)
 .text.libgcc   0x00000000        0x0 c:/program files (x86)/atmel/studio/7.0/toolchain/avr8/avr8-gnu-toolchain/bin/../lib/gcc/avr/5.4.0/avr5\libgcc.a(_copy_data.o)
 .text.libgcc.prologue
                0x00000000        0x0 c:/program files (x86)/atmel/studio/7.0/toolchain/avr8/avr8-gnu-toolchain/bin/../lib/gcc/avr/5.4.0/avr5\libgcc.a(_copy_data.o)
 .text.libgcc.builtins
                0x00000000        0x0 c:/program files (x86)/atmel/studio/7.0/toolchain/avr8/avr8-gnu-toolchain/bin/../lib/gcc/avr/5.4.0/avr5\libgcc.a(_copy_data.o)
 .text.libgcc.fmul
                0x00000000        0x0 c:/program files (x86)/atmel/studio/7.0/toolchain/avr8/avr8-gnu-toolchain/bin/../lib/gcc/avr/5.4.0/avr5\libgcc.a(_copy_data.o)
 .text.libgcc.fixed
                0x00000000        0x0 c:/program files (x86)/atmel/studio/7.0/toolchain/avr8/avr8-gnu-toolchain/bin/../lib/gcc/avr/5.4.0/avr5\libgcc.a(_copy_data.o)
 .text          0x00000000        0x0 c:/program files (x86)/atmel/studio/7.0/toolchain/avr8/avr8-gnu-toolchain/bin/../lib/gcc/avr/5.4.0/avr5\libgcc.a(_clear_bss.o)
 .data          0x00000000        0x0 c:/program files (x86)/atmel/studio/7.0/toolchain/avr8/avr8-gnu-toolchain/bin/../lib/gcc/avr/5.4.0/avr5\libgcc.a(_clear_bss.o)
 .bss           0x00000000        0x0 c:/program files (x86)/atmel/studio/7.0/toolchain/avr8/avr8-gnu-toolchain/bin/../lib/gcc/avr/5.4.0/avr5\libgcc.a(_clear_bss.o)
 .text.libgcc.mul
                0x00000000        0x0 c:/program files (x86)/atmel/studio/7.0/toolchain/avr8/avr8-gnu-toolchain/bin/../lib/gcc/avr/5.4.0/avr5\libgcc.a(_clear_bss.o)
 .text.libgcc.div
                0x00000000        0x0 c:/program files (x86)/atmel/studio/7.0/toolchain/avr8/avr8-gnu-toolchain/bin/../lib/gcc/avr/5.4.0/avr5\libgcc.a(_clear_bss.o)
 .text.libgcc   0x00000000        0x0 c:/program files (x86)/atmel/studio/7.0/toolchain/avr8/avr8-gnu-toolchain/bin/../lib/gcc/avr/5.4.0/avr5\libgcc.a(_clear_bss.o)
 .text.libgcc.prologue
                0x00000000        0x0 c:/program files (x86)/atmel/studio/7.0/toolchain/avr8/avr8-gnu-toolchain/bin/../lib/gcc/avr/5.4.0/avr5\libgcc.a(_clear_bss.o)
 .text.libgcc.builtins
                0x00000000        0x0 c:/program files (x86)/atmel/studio/7.0/toolchain/avr8/avr8-gnu-toolchain/bin/../lib/gcc/avr/5.4.0/avr5\libgcc.a(_clear_bss.o)
 .text.libgcc.fmul
                0x00000000        0x0 c:/program files (x86)/atmel/studio/7.0/toolchain/avr8/avr8-gnu-toolchain/bin/../lib/gcc/avr/5.4.0/avr5\libgcc.a(_clear_bss.o)
 .text.libgcc.fixed
                0x00000000        0x0 c:/program files (x86)/atmel/studio/7.0/toolchain/avr8/avr8-gnu-toolchain/bin/../lib/gcc/avr/5.4.0/avr5\libgcc.a(_clear_bss.o)
 .text          0x00000000        0x0 c:/program files (x86)/atmel/studio/7.0/toolchain/avr8/avr8-gnu-toolchain/bin/../lib/gcc/avr/5.4.0/avr5\libgcc.a(_udivmodsi4.o)
 .data          0x00000000        0x0 c:/program files (x86)/atmel/studio/7.0/toolchain/avr8/avr8-gnu-toolchain/bin/../lib/gcc/avr/5.4.0/avr5\libgcc.a(_udivmodsi4.o)
 .bss           0x00000000        0x0 c:/program files (x86)/atmel/studio/7.0/toolchain/avr8/avr8-gnu-toolchain/bin/../lib/gcc/avr/5.4.0/avr5\libgcc.a(_udivmodsi4.o)
 .text.libgcc.mul
                0x00000000        0x0 c:/program files (x86)/atmel/studio/7.0/toolchain/avr8/avr8-gnu-toolchain/bin/../lib/gcc/avr/5.4.0/avr5\libgcc.a(_udivmodsi4.o)
 .text.libgcc.div
                0x00000000       0x44 c:/program files (x86)/atmel/studio/7.0/toolchain/avr8/avr8-gnu-toolchain/bin/../lib/gcc/avr/5.4.0/avr5\libgcc.a(_udivmodsi4.o)
 .text.libgcc   0x00000000        0x0 c:/program files (x86)/atmel/studio/7.0/toolchain/avr8/avr8-gnu-toolchain/bin/../lib/gcc/avr/5.4.0/avr5\libgcc.a(_udivmodsi4.o)
 .text.libgcc.prologue
                0x00000000        0x0 c:/program files (x86)/atmel/studio/7.0/toolchain/avr8/avr8-gnu-toolchain/bin/../lib/gcc/avr/5.4.0/avr5\libgcc.a(_udivmodsi4.o)
 .text.libgcc.builtins
                0x00000000        0x0 c:/program files (x86)/atmel/studio/7.0/toolchain/avr8/avr8-gnu-toolchain/bin/../lib/gcc/avr/5.4.0/avr5\libgcc.a(_udivmodsi4.o)
 .text.libgcc.fmul
                0x00000000        0x0 c:/program files (x86)/atmel/studio/7.0/toolchain/avr8/avr8-gnu-toolchain/bin/../lib/gcc/avr/5.4.0/avr5\libgcc.a(_udivmodsi4.o)
 .text.libgcc.fixed
                0x00000000        0x0 c:/program files (x86)/atmel/studio/7.0/toolchain/avr8/avr8-gnu-toolchain/bin/../lib/gcc/avr/5.4.0/avr5\libgcc.a(_udivmodsi4.o)
 .text          0x00000000        0x0 c:/program files (x86)/atmel/studio/7.0/toolchain/avr8/avr8-gnu-toolchain/bin/../lib/gcc/avr/5.4.0/../../../../avr/lib/avr5\libc.a(memcpy.o)
 .data          0x00000000        0x0 c:/program files (x86)/atmel/studio/7.0/toolchain/avr8/avr8-gnu-toolchain/bin/../lib/gcc/avr/5.4.0/../../../../avr/lib/avr5\libc.a(memcpy.o)
 .bss           0x00000000        0x0 c:/program files (x86)/atmel/studio/7.0/toolchain/avr8/avr8-gnu-toolchain/bin/../lib/gcc/avr/5.4.0/../../../../avr/lib/avr5\libc.a(memcpy.o)
 .text          0x00000000        0x0 c:/program files (x86)/atmel/studio/7.0/toolchain/avr8/avr8-gnu-toolchain/bin/../lib/gcc/avr/5.4.0/../../../../avr/lib/avr5\libc.a(memset.o)
 .data          0x00000000        0x0 c:/program files (x86)/atmel/studio/7.0/toolchain/avr8/avr8-gnu-toolchain/bin/../lib/gcc/avr/5.4.0/../../../../avr/lib/avr5\libc.a(memset.o)
 .bss           0x00000000        0x0 c:/program files (x86)/atmel/studio/7.0/toolchain/avr8/avr8-gnu-toolchain/bin/../lib/gcc/avr/5.4.0/../../../../avr/lib/avr5\libc.a(memset.o)

Memory Configuration

Name             Origin             Length             Attributes
text             0x00000000         0x00008000         xr
data             0x00800060         0x00000800         rw !x
eeprom           0x00810000         0x00000400         rw !x
fuse             0x00820000         0x00000002         rw !x
lock             0x00830000         0x00000400         rw !x
signature        0x00840000         0x00000400         rw !x
user_signatures  0x00850000         0x00000400         rw !x
*default*        0x00000000         0xffffffff

Linker script and memory map

LOAD C:/Program Files (x86)/Atmel/Studio/7.0/Packs/atmel/ATmega_DFP/1.7.374/gcc/dev/atmega32/avr5/crtatmega32.o
LOAD DIO.o
LOAD DIO_cfg.o
LOAD FreeRTOS/Source/list.o
LOAD FreeRTOS/Source/portable/GCC/ATMega323/port.o
LOAD FreeRTOS/Source/portable/MemMang/heap_4.o
LOAD FreeRTOS/Source/queue.o
LOAD FreeRTOS/Source/tasks.o
LOAD FreeRTOS/Source/timers.o
LOAD KEYPAD.o
LOAD LCD.o
LOAD main.o
START GROUP
LOAD c:/program files (x86)/atmel/studio/7.0/toolchain/avr8/avr8-gnu-toolchain/bin/../lib/gcc/avr/5.4.0/../../../../avr/lib/avr5\libm.a
END GROUP
START GROUP
LOAD c:/program files (x86)/atmel/studio/7.0/toolchain/avr8/avr8-gnu-toolchain/bin/../lib/gcc/avr/5.4.0/avr5\libgcc.a
LOAD c:/program files (x86)/atmel/studio/7.0/toolchain/avr8/avr8-gnu-toolchain/bin/../lib/gcc/avr/5.4.0/../../../../avr/lib/avr5\libm.a
LOAD c:/program files (x86)/atmel/studio/7.0/toolchain/avr8/avr8-gnu-toolchain/bin/../lib/gcc/avr/5.4.0/../../../../avr/lib/avr5\libc.a
LOAD C:/Program Files (x86)/Atmel/Studio/7.0/Packs/atmel/ATmega_DFP/1.7.374/gcc/dev/atmega32/avr5\libatmega32.a
END GROUP
                0x00000000                __TEXT_REGION_ORIGIN__ = DEFINED (__TEXT_REGION_ORIGIN__)?__TEXT_REGION_ORIGIN__:0x0
                [0x00800060]                __DATA_REGION_ORIGIN__ = DEFINED (__DATA_REGION_ORIGIN__)?__DATA_REGION_ORIGIN__:0x800060
                [0x00008000]                __TEXT_REGION_LENGTH__ = DEFINED (__TEXT_REGION_LENGTH__)?__TEXT_REGION_LENGTH__:0x20000
                [0x00000800]                __DATA_REGION_LENGTH__ = DEFINED (__DATA_REGION_LENGTH__)?__DATA_REGION_LENGTH__:0xffa0
                [0x00000400]                __EEPROM_REGION_LENGTH__ = DEFINED (__EEPROM_REGION_LENGTH__)?__EEPROM_REGION_LENGTH__:0x10000
                [0x00000002]                __FUSE_REGION_LENGTH__ = DEFINED (__FUSE_REGION_LENGTH__)?__FUSE_REGION_LENGTH__:0x400
                0x00000400                __LOCK_REGION_LENGTH__ = DEFINED (__LOCK_REGION_LENGTH__)?__LOCK_REGION_LENGTH__:0x400
                0x00000400                __SIGNATURE_REGION_LENGTH__ = DEFINED (__SIGNATURE_REGION_LENGTH__)?__SIGNATURE_REGION_LENGTH__:0x400
                0x00000400                __USER_SIGNATURE_REGION_LENGTH__ = DEFINED (__USER_SIGNATURE_REGION_LENGTH__)?__USER_SIGNATURE_REGION_LENGTH__:0x400

.hash
 *(.hash)

.dynsym
 *(.dynsym)

.dynstr
 *(.dynstr)

.gnu.version
 *(.gnu.version)

.gnu.version_d
 *(.gnu.version_d)

.gnu.version_r
 *(.gnu.version_r)

.rel.init
 *(.rel.init)

.rela.init
 *(.rela.init)

.rel.text
 *(.rel.text)
 *(.rel.text.*)
 *(.rel.gnu.linkonce.t*)

.rela.text
 *(.rela.text)
 *(.rela.text.*)
 *(.rela.gnu.linkonce.t*)

.rel.fini
 *(.rel.fini)

.rela.fini
 *(.rela.fini)

.rel.rodata
 *(.rel.rodata)
 *(.rel.rodata.*)
 *(.rel.gnu.linkonce.r*)

.rela.rodata
 *(.rela.rodata)
 *(.rela.rodata.*)
 *(.rela.gnu.linkonce.r*)

.rel.data
 *(.rel.data)
 *(.rel.data.*)
 *(.rel.gnu.linkonce.d*)

.rela.data
 *(.rela.data)
 *(.rela.data.*)
 *(.rela.gnu.linkonce.d*)

.rel.ctors
 *(.rel.ctors)

.rela.ctors
 *(.rela.ctors)

.rel.dtors
 *(.rel.dtors)

.rela.dtors
 *(.rela.dtors)

.rel.got
 *(.rel.got)

.rela.got
 *(.rela.got)

.rel.bss
 *(.rel.bss)

.rela.bss
 *(.rela.bss)

.rel.plt
 *(.rel.plt)

.rela.plt
 *(.rela.plt)

.text           0x00000000     0x209a
 *(.vectors)
 .vectors       0x00000000       0x54 C:/Program Files (x86)/Atmel/Studio/7.0/Packs/atmel/ATmega_DFP/1.7.374/gcc/dev/atmega32/avr5/crtatmega32.o
                0x00000000                __vector_default
                0x00000000                __vectors
 *(.vectors)
 *(.progmem.gcc*)
 .progmem.gcc_sw_table.prvProcessReceivedCommands
                0x00000054       0x12 FreeRTOS/Source/timers.o
                0x00000066                . = ALIGN (0x2)
                0x00000066                __trampolines_start = .
 *(.trampolines)
 .trampolines   0x00000066        0x0 linker stubs
 *(.trampolines*)
                0x00000066                __trampolines_end = .
 *libprintf_flt.a:*(.progmem.data)
 *libc.a:*(.progmem.data)
 *(.progmem*)
                0x00000066                . = ALIGN (0x2)
 *(.jumptables)
 *(.jumptables*)
 *(.lowtext)
 *(.lowtext*)
                0x00000066                __ctors_start = .
 *(.ctors)
                0x00000066                __ctors_end = .
                0x00000066                __dtors_start = .
 *(.dtors)
                0x00000066                __dtors_end = .
 SORT(*)(.ctors)
 SORT(*)(.dtors)
 *(.init0)
 .init0         0x00000066        0x0 C:/Program Files (x86)/Atmel/Studio/7.0/Packs/atmel/ATmega_DFP/1.7.374/gcc/dev/atmega32/avr5/crtatmega32.o
                0x00000066                __init
 *(.init0)
 *(.init1)
 *(.init1)
 *(.init2)
 .init2         0x00000066        0xc C:/Program Files (x86)/Atmel/Studio/7.0/Packs/atmel/ATmega_DFP/1.7.374/gcc/dev/atmega32/avr5/crtatmega32.o
 *(.init2)
 *(.init3)
 *(.init3)
 *(.init4)
 .init4         0x00000072       0x16 c:/program files (x86)/atmel/studio/7.0/toolchain/avr8/avr8-gnu-toolchain/bin/../lib/gcc/avr/5.4.0/avr5\libgcc.a(_copy_data.o)
                0x00000072                __do_copy_data
 .init4         0x00000088       0x10 c:/program files (x86)/atmel/studio/7.0/toolchain/avr8/avr8-gnu-toolchain/bin/../lib/gcc/avr/5.4.0/avr5\libgcc.a(_clear_bss.o)
                0x00000088                __do_clear_bss
 *(.init4)
 *(.init5)
 *(.init5)
 *(.init6)
 *(.init6)
 *(.init7)
 *(.init7)
 *(.init8)
 *(.init8)
 *(.init9)
 .init9         0x00000098        0x8 C:/Program Files (x86)/Atmel/Studio/7.0/Packs/atmel/ATmega_DFP/1.7.374/gcc/dev/atmega32/avr5/crtatmega32.o
 *(.init9)
 *(.text)
 .text          0x000000a0        0x4 C:/Program Files (x86)/Atmel/Studio/7.0/Packs/atmel/ATmega_DFP/1.7.374/gcc/dev/atmega32/avr5/crtatmega32.o
                0x000000a0                __vector_1
                0x000000a0                __vector_12
                0x000000a0                __bad_interrupt
                0x000000a0                __vector_6
                0x000000a0                __vector_3
                0x000000a0                __vector_11
                0x000000a0                __vector_13
                0x000000a0                __vector_17
                0x000000a0                __vector_19
                0x000000a0                __vector_5
                0x000000a0                __vector_4
                0x000000a0                __vector_9
                0x000000a0                __vector_2
                0x000000a0                __vector_15
                0x000000a0                __vector_8
                0x000000a0                __vector_14
                0x000000a0                __vector_10
                0x000000a0                __vector_16
                0x000000a0                __vector_18
                0x000000a0                __vector_20
                0x000000a4                . = ALIGN (0x2)
 *(.text.*)
 .text.DIO_WritePin
                0x000000a4      0x10a DIO.o
                0x000000a4                DIO_WritePin
 .text.vListInitialise
                0x000001ae       0x1c FreeRTOS/Source/list.o
                0x000001ae                vListInitialise
 .text.vListInitialiseItem
                0x000001ca        0x8 FreeRTOS/Source/list.o
                0x000001ca                vListInitialiseItem
 .text.vListInsert
                0x000001d2       0x62 FreeRTOS/Source/list.o
                0x000001d2                vListInsert
 .text.uxListRemove
                0x00000234       0x4e FreeRTOS/Source/list.o
                0x00000234                uxListRemove
 .text.prvSetupTimerInterrupt
                0x00000282       0x12 FreeRTOS/Source/portable/GCC/ATMega323/port.o
 .text.pxPortInitialiseStack
                0x00000294       0xd8 FreeRTOS/Source/portable/GCC/ATMega323/port.o
                0x00000294                pxPortInitialiseStack
 .text.xPortStartScheduler
                0x0000036c       0x5e FreeRTOS/Source/portable/GCC/ATMega323/port.o
                0x0000036c                xPortStartScheduler
 .text.vPortYield
                0x000003ca       0xb2 FreeRTOS/Source/portable/GCC/ATMega323/port.o
                0x000003ca                vPortYield
 .text.vPortYieldFromTick
                0x0000047c       0xb8 FreeRTOS/Source/portable/GCC/ATMega323/port.o
                0x0000047c                vPortYieldFromTick
 .text.__vector_7
                0x00000534        0x6 FreeRTOS/Source/portable/GCC/ATMega323/port.o
                0x00000534                __vector_7
 .text.prvHeapInit
                0x0000053a       0x46 FreeRTOS/Source/portable/MemMang/heap_4.o
 .text.prvInsertBlockIntoFreeList
                0x00000580       0x94 FreeRTOS/Source/portable/MemMang/heap_4.o
 .text.pvPortMalloc
                0x00000614      0x136 FreeRTOS/Source/portable/MemMang/heap_4.o
                0x00000614                pvPortMalloc
 .text.vPortFree
                0x0000074a       0x68 FreeRTOS/Source/portable/MemMang/heap_4.o
                0x0000074a                vPortFree
 .text.prvIsQueueEmpty
                0x000007b2       0x1a FreeRTOS/Source/queue.o
 .text.prvIsQueueFull
                0x000007cc       0x1c FreeRTOS/Source/queue.o
 .text.prvCopyDataToQueue
                0x000007e8       0x92 FreeRTOS/Source/queue.o
 .text.prvCopyDataFromQueue
                0x0000087a       0x34 FreeRTOS/Source/queue.o
 .text.prvUnlockQueue
                0x000008ae       0x68 FreeRTOS/Source/queue.o
 .text.xQueueGenericReset
                0x00000916       0xc0 FreeRTOS/Source/queue.o
                0x00000916                xQueueGenericReset
 .text.prvInitialiseNewQueue
                0x000009d6       0x26 FreeRTOS/Source/queue.o
 .text.xQueueGenericCreate
                0x000009fc       0x82 FreeRTOS/Source/queue.o
                0x000009fc                xQueueGenericCreate
 .text.xQueueGenericSend
                0x00000a7e      0x124 FreeRTOS/Source/queue.o
                0x00000a7e                xQueueGenericSend
 .text.xQueueGenericSendFromISR
                0x00000ba2       0x84 FreeRTOS/Source/queue.o
                0x00000ba2                xQueueGenericSendFromISR
 .text.xQueueReceive
                0x00000c26      0x11e FreeRTOS/Source/queue.o
                0x00000c26                xQueueReceive
 .text.vQueueWaitForMessageRestricted
                0x00000d44       0x3a FreeRTOS/Source/queue.o
                0x00000d44                vQueueWaitForMessageRestricted
 .text.prvResetNextTaskUnblockTime
                0x00000d7e       0x38 FreeRTOS/Source/tasks.o
 .text.prvDeleteTCB
                0x00000db6       0x1a FreeRTOS/Source/tasks.o
 .text.prvInitialiseNewTask
                0x00000dd0       0xf8 FreeRTOS/Source/tasks.o
 .text.prvInitialiseTaskLists
                0x00000ec8       0x6e FreeRTOS/Source/tasks.o
 .text.prvAddNewTaskToReadyList
                0x00000f36       0xfa FreeRTOS/Source/tasks.o
 .text.prvCheckTasksWaitingTermination
                0x00001030       0x4c FreeRTOS/Source/tasks.o
 .text.prvIdleTask
                0x0000107c       0x12 FreeRTOS/Source/tasks.o
 .text.prvAddCurrentTaskToDelayedList
                0x0000108e      0x102 FreeRTOS/Source/tasks.o
 .text.xTaskCreate
                0x00001190       0xb2 FreeRTOS/Source/tasks.o
                0x00001190                xTaskCreate
 .text.vTaskStartScheduler
                0x00001242       0x60 FreeRTOS/Source/tasks.o
                0x00001242                vTaskStartScheduler
 .text.vTaskSuspendAll
                0x000012a2        0xc FreeRTOS/Source/tasks.o
                0x000012a2                vTaskSuspendAll
 .text.xTaskGetTickCount
                0x000012ae       0x14 FreeRTOS/Source/tasks.o
                0x000012ae                xTaskGetTickCount
 .text.uxTaskGetNumberOfTasks
                0x000012c2        0x6 FreeRTOS/Source/tasks.o
                0x000012c2                uxTaskGetNumberOfTasks
 .text.xTaskIncrementTick
                0x000012c8      0x234 FreeRTOS/Source/tasks.o
                0x000012c8                xTaskIncrementTick
 .text.xTaskResumeAll
                0x000014fc      0x1aa FreeRTOS/Source/tasks.o
                0x000014fc                xTaskResumeAll
 .text.vTaskSwitchContext
                0x000016a6       0xa8 FreeRTOS/Source/tasks.o
                0x000016a6                vTaskSwitchContext
 .text.vTaskPlaceOnEventList
                0x0000174e       0x24 FreeRTOS/Source/tasks.o
                0x0000174e                vTaskPlaceOnEventList
 .text.vTaskPlaceOnEventListRestricted
                0x00001772       0x92 FreeRTOS/Source/tasks.o
                0x00001772                vTaskPlaceOnEventListRestricted
 .text.xTaskRemoveFromEventList
                0x00001804      0x17a FreeRTOS/Source/tasks.o
                0x00001804                xTaskRemoveFromEventList
 .text.vTaskInternalSetTimeOutState
                0x0000197e       0x16 FreeRTOS/Source/tasks.o
                0x0000197e                vTaskInternalSetTimeOutState
 .text.xTaskCheckForTimeOut
                0x00001994       0x7e FreeRTOS/Source/tasks.o
                0x00001994                xTaskCheckForTimeOut
 .text.vTaskMissedYield
                0x00001a12        0x8 FreeRTOS/Source/tasks.o
                0x00001a12                vTaskMissedYield
 .text.xTaskGetSchedulerState
                0x00001a1a       0x1c FreeRTOS/Source/tasks.o
                0x00001a1a                xTaskGetSchedulerState
 .text.prvGetNextExpireTime
                0x00001a36       0x2a FreeRTOS/Source/timers.o
 .text.prvInsertTimerInActiveList
                0x00001a60       0x5e FreeRTOS/Source/timers.o
 .text.prvReloadTimer
                0x00001abe       0x48 FreeRTOS/Source/timers.o
 .text.prvProcessExpiredTimer
                0x00001b06       0x56 FreeRTOS/Source/timers.o
 .text.prvSwitchTimerLists
                0x00001b5c       0x3c FreeRTOS/Source/timers.o
 .text.prvSampleTimeNow
                0x00001b98       0x42 FreeRTOS/Source/timers.o
 .text.prvProcessTimerOrBlockTask
                0x00001bda       0x90 FreeRTOS/Source/timers.o
 .text.prvProcessReceivedCommands
                0x00001c6a      0x140 FreeRTOS/Source/timers.o
 .text.prvTimerTask
                0x00001daa       0x1e FreeRTOS/Source/timers.o
 .text.prvCheckForValidListAndQueue
                0x00001dc8       0x52 FreeRTOS/Source/timers.o
 .text.xTimerCreateTimerTask
                0x00001e1a       0x44 FreeRTOS/Source/timers.o
                0x00001e1a                xTimerCreateTimerTask
 .text.xTimerGenericCommand
                0x00001e5e       0x90 FreeRTOS/Source/timers.o
                0x00001e5e                xTimerGenericCommand
 .text.KEYPAD_Init
                0x00001eee       0x22 KEYPAD.o
                0x00001eee                KEYPAD_Init
 .text.WriteInstruction
                0x00001f10       0xc0 LCD.o
                0x00001f10                WriteInstruction
 .text.LCD_Init
                0x00001fd0       0x3e LCD.o
                0x00001fd0                LCD_Init
 .text.lcd_time
                0x0000200e        0x2 main.o
                0x0000200e                lcd_time
 .text.main     0x00002010       0x32 main.o
                0x00002010                main
 .text.libgcc.div
                0x00002042       0x28 c:/program files (x86)/atmel/studio/7.0/toolchain/avr8/avr8-gnu-toolchain/bin/../lib/gcc/avr/5.4.0/avr5\libgcc.a(_udivmodhi4.o)
                0x00002042                __udivmodhi4
 .text.libgcc   0x0000206a        0xc c:/program files (x86)/atmel/studio/7.0/toolchain/avr8/avr8-gnu-toolchain/bin/../lib/gcc/avr/5.4.0/avr5\libgcc.a(_tablejump2.o)
                0x0000206a                __tablejump2__
 .text.avr-libc
                0x00002076       0x12 c:/program files (x86)/atmel/studio/7.0/toolchain/avr8/avr8-gnu-toolchain/bin/../lib/gcc/avr/5.4.0/../../../../avr/lib/avr5\libc.a(memcpy.o)
                0x00002076                memcpy
 .text.avr-libc
                0x00002088        0xe c:/program files (x86)/atmel/studio/7.0/toolchain/avr8/avr8-gnu-toolchain/bin/../lib/gcc/avr/5.4.0/../../../../avr/lib/avr5\libc.a(memset.o)
                0x00002088                memset
                0x00002096                . = ALIGN (0x2)
 *(.fini9)
 .fini9         0x00002096        0x0 c:/program files (x86)/atmel/studio/7.0/toolchain/avr8/avr8-gnu-toolchain/bin/../lib/gcc/avr/5.4.0/avr5\libgcc.a(_exit.o)
                0x00002096                _exit
                0x00002096                exit
 *(.fini9)
 *(.fini8)
 *(.fini8)
 *(.fini7)
 *(.fini7)
 *(.fini6)
 *(.fini6)
 *(.fini5)
 *(.fini5)
 *(.fini4)
 *(.fini4)
 *(.fini3)
 *(.fini3)
 *(.fini2)
 *(.fini2)
 *(.fini1)
 *(.fini1)
 *(.fini0)
 .fini0         0x00002096        0x4 c:/program files (x86)/atmel/studio/7.0/toolchain/avr8/avr8-gnu-toolchain/bin/../lib/gcc/avr/5.4.0/avr5\libgcc.a(_exit.o)
 *(.fini0)
                0x0000209a                _etext = .

.data           0x00800060        0xe load address 0x0000209a
                0x00800060                PROVIDE (__data_start, .)
 *(.data)
 *(.data*)
 .data.uxTopUsedPriority
                0x00800060        0x1 FreeRTOS/Source/tasks.o
                0x00800060                uxTopUsedPriority
 *(.gnu.linkonce.d*)
 *(.rodata)
 *(.rodata*)
 .rodata.str1.1
                0x00800061        0x5 FreeRTOS/Source/tasks.o
 .rodata.str1.1
                0x00800066        0x8 FreeRTOS/Source/timers.o
 *(.gnu.linkonce.r*)
                0x0080006e                . = ALIGN (0x2)
                0x0080006e                _edata = .
                0x0080006e                PROVIDE (__data_end, .)

.bss            0x0080006e      0x3b1
                0x0080006e                PROVIDE (__bss_start, .)
 *(.bss)
 *(.bss*)
 .bss.xNumberOfSuccessfulFrees
                0x0080006e        0x2 FreeRTOS/Source/portable/MemMang/heap_4.o
 .bss.xNumberOfSuccessfulAllocations
                0x00800070        0x2 FreeRTOS/Source/portable/MemMang/heap_4.o
 .bss.xMinimumEverFreeBytesRemaining
                0x00800072        0x2 FreeRTOS/Source/portable/MemMang/heap_4.o
 .bss.xFreeBytesRemaining
                0x00800074        0x2 FreeRTOS/Source/portable/MemMang/heap_4.o
 .bss.pxEnd     0x00800076        0x2 FreeRTOS/Source/portable/MemMang/heap_4.o
 .bss.xStart    0x00800078        0x4 FreeRTOS/Source/portable/MemMang/heap_4.o
 .bss.ucHeap    0x0080007c      0x320 FreeRTOS/Source/portable/MemMang/heap_4.o
 .bss.uxSchedulerSuspended
                0x0080039c        0x1 FreeRTOS/Source/tasks.o
 .bss.xIdleTaskHandle
                0x0080039d        0x2 FreeRTOS/Source/tasks.o
 .bss.xNextTaskUnblockTime
                0x0080039f        0x2 FreeRTOS/Source/tasks.o
 .bss.uxTaskNumber
                0x008003a1        0x1 FreeRTOS/Source/tasks.o
 .bss.xNumOfOverflows
                0x008003a2        0x1 FreeRTOS/Source/tasks.o
 .bss.xYieldPending
                0x008003a3        0x1 FreeRTOS/Source/tasks.o
 .bss.xPendedTicks
                0x008003a4        0x2 FreeRTOS/Source/tasks.o
 .bss.xSchedulerRunning
                0x008003a6        0x1 FreeRTOS/Source/tasks.o
 .bss.uxTopReadyPriority
                0x008003a7        0x1 FreeRTOS/Source/tasks.o
 .bss.xTickCount
                0x008003a8        0x2 FreeRTOS/Source/tasks.o
 .bss.uxCurrentNumberOfTasks
                0x008003aa        0x1 FreeRTOS/Source/tasks.o
 .bss.xSuspendedTaskList
                0x008003ab        0x9 FreeRTOS/Source/tasks.o
 .bss.uxDeletedTasksWaitingCleanUp
                0x008003b4        0x1 FreeRTOS/Source/tasks.o
 .bss.xTasksWaitingTermination
                0x008003b5        0x9 FreeRTOS/Source/tasks.o
 .bss.xPendingReadyList
                0x008003be        0x9 FreeRTOS/Source/tasks.o
 .bss.pxOverflowDelayedTaskList
                0x008003c7        0x2 FreeRTOS/Source/tasks.o
 .bss.pxDelayedTaskList
                0x008003c9        0x2 FreeRTOS/Source/tasks.o
 .bss.xDelayedTaskList2
                0x008003cb        0x9 FreeRTOS/Source/tasks.o
 .bss.xDelayedTaskList1
                0x008003d4        0x9 FreeRTOS/Source/tasks.o
 .bss.pxReadyTasksLists
                0x008003dd       0x24 FreeRTOS/Source/tasks.o
 .bss.pxCurrentTCB
                0x00800401        0x2 FreeRTOS/Source/tasks.o
                0x00800401                pxCurrentTCB
 .bss.xLastTime.2428
                0x00800403        0x2 FreeRTOS/Source/timers.o
 .bss.xTimerTaskHandle
                0x00800405        0x2 FreeRTOS/Source/timers.o
 .bss.xTimerQueue
                0x00800407        0x2 FreeRTOS/Source/timers.o
 .bss.pxOverflowTimerList
                0x00800409        0x2 FreeRTOS/Source/timers.o
 .bss.pxCurrentTimerList
                0x0080040b        0x2 FreeRTOS/Source/timers.o
 .bss.xActiveTimerList2
                0x0080040d        0x9 FreeRTOS/Source/timers.o
 .bss.xActiveTimerList1
                0x00800416        0x9 FreeRTOS/Source/timers.o
 *(COMMON)
                0x0080041f                PROVIDE (__bss_end, .)
                0x0000209a                __data_load_start = LOADADDR (.data)
                0x000020a8                __data_load_end = (__data_load_start + SIZEOF (.data))

.noinit         0x0080041f        0x0
                [!provide]                PROVIDE (__noinit_start, .)
 *(.noinit*)
                [!provide]                PROVIDE (__noinit_end, .)
                0x0080041f                _end = .
                [!provide]                PROVIDE (__heap_start, .)

.eeprom         0x00810000        0x0
 *(.eeprom*)
                0x00810000                __eeprom_end = .

.fuse
 *(.fuse)
 *(.lfuse)
 *(.hfuse)
 *(.efuse)

.lock
 *(.lock*)

.signature
 *(.signature*)

.user_signatures
 *(.user_signatures*)

.stab
 *(.stab)

.stabstr
 *(.stabstr)

.stab.excl
 *(.stab.excl)

.stab.exclstr
 *(.stab.exclstr)

.stab.index
 *(.stab.index)

.stab.indexstr
 *(.stab.indexstr)

.comment        0x00000000       0x30
 *(.comment)
 .comment       0x00000000       0x30 DIO.o
                                 0x31 (size before relaxing)
 .comment       0x00000030       0x31 FreeRTOS/Source/list.o
 .comment       0x00000030       0x31 FreeRTOS/Source/portable/GCC/ATMega323/port.o
 .comment       0x00000030       0x31 FreeRTOS/Source/portable/MemMang/heap_4.o
 .comment       0x00000030       0x31 FreeRTOS/Source/queue.o
 .comment       0x00000030       0x31 FreeRTOS/Source/tasks.o
 .comment       0x00000030       0x31 FreeRTOS/Source/timers.o
 .comment       0x00000030       0x31 KEYPAD.o
 .comment       0x00000030       0x31 LCD.o
 .comment       0x00000030       0x31 main.o

.note.gnu.avr.deviceinfo
                0x00000000       0x3c
 .note.gnu.avr.deviceinfo
                0x00000000       0x3c C:/Program Files (x86)/Atmel/Studio/7.0/Packs/atmel/ATmega_DFP/1.7.374/gcc/dev/atmega32/avr5/crtatmega32.o

.note.gnu.build-id
 *(.note.gnu.build-id)

.debug
 *(.debug)

.line
 *(.line)

.debug_srcinfo
 *(.debug_srcinfo)

.debug_sfnames
 *(.debug_sfnames)

.debug_aranges  0x00000000      0x590
 *(.debug_aranges)
 .debug_aranges
                0x00000000       0x60 DIO.o
 .debug_aranges
                0x00000060       0x40 FreeRTOS/Source/list.o
 .debug_aranges
                0x000000a0       0x50 FreeRTOS/Source/portable/GCC/ATMega323/port.o
 .debug_aranges
                0x000000f0       0x60 FreeRTOS/Source/portable/MemMang/heap_4.o
 .debug_aranges
                0x00000150       0xd0 FreeRTOS/Source/queue.o
 .debug_aranges
                0x00000220      0x198 FreeRTOS/Source/tasks.o
 .debug_aranges
                0x000003b8       0xd8 FreeRTOS/Source/timers.o
 .debug_aranges
                0x00000490       0x28 KEYPAD.o
 .debug_aranges
                0x000004b8       0x90 LCD.o
 .debug_aranges
                0x00000548       0x48 main.o

.debug_pubnames
 *(.debug_pubnames)

.debug_info     0x00000000     0x6aa0
 *(.debug_info .gnu.linkonce.wi.*)
 .debug_info    0x00000000      0x4e6 C:/Program Files (x86)/Atmel/Studio/7.0/Packs/atmel/ATmega_DFP/1.7.374/gcc/dev/atmega32/avr5/crtatmega32.o
 .debug_info    0x000004e6      0x43b DIO.o
 .debug_info    0x00000921      0x2d8 FreeRTOS/Source/list.o
 .debug_info    0x00000bf9      0x24e FreeRTOS/Source/portable/GCC/ATMega323/port.o
 .debug_info    0x00000e47      0x551 FreeRTOS/Source/portable/MemMang/heap_4.o
 .debug_info    0x00001398     0x1590 FreeRTOS/Source/queue.o
 .debug_info    0x00002928     0x1e52 FreeRTOS/Source/tasks.o
 .debug_info    0x0000477a     0x102d FreeRTOS/Source/timers.o
 .debug_info    0x000057a7      0x2b2 KEYPAD.o
 .debug_info    0x00005a59      0xd9d LCD.o
 .debug_info    0x000067f6      0x2aa main.o

.debug_abbrev   0x00000000     0x166d
 *(.debug_abbrev)
 .debug_abbrev  0x00000000      0x4a3 C:/Program Files (x86)/Atmel/Studio/7.0/Packs/atmel/ATmega_DFP/1.7.374/gcc/dev/atmega32/avr5/crtatmega32.o
 .debug_abbrev  0x000004a3      0x1dc DIO.o
 .debug_abbrev  0x0000067f       0xff FreeRTOS/Source/list.o
 .debug_abbrev  0x0000077e      0x143 FreeRTOS/Source/portable/GCC/ATMega323/port.o
 .debug_abbrev  0x000008c1      0x219 FreeRTOS/Source/portable/MemMang/heap_4.o
 .debug_abbrev  0x00000ada      0x241 FreeRTOS/Source/queue.o
 .debug_abbrev  0x00000d1b      0x2ae FreeRTOS/Source/tasks.o
 .debug_abbrev  0x00000fc9      0x27f FreeRTOS/Source/timers.o
 .debug_abbrev  0x00001248       0xff KEYPAD.o
 .debug_abbrev  0x00001347      0x250 LCD.o
 .debug_abbrev  0x00001597       0xd6 main.o

.debug_line     0x00000000     0x3c29
 *(.debug_line .debug_line.* .debug_line_end)
 .debug_line    0x00000000      0x116 C:/Program Files (x86)/Atmel/Studio/7.0/Packs/atmel/ATmega_DFP/1.7.374/gcc/dev/atmega32/avr5/crtatmega32.o
 .debug_line    0x00000116      0x405 DIO.o
 .debug_line    0x0000051b      0x223 FreeRTOS/Source/list.o
 .debug_line    0x0000073e      0x2dd FreeRTOS/Source/portable/GCC/ATMega323/port.o
 .debug_line    0x00000a1b      0x4a9 FreeRTOS/Source/portable/MemMang/heap_4.o
 .debug_line    0x00000ec4      0xb55 FreeRTOS/Source/queue.o
 .debug_line    0x00001a19     0x12db FreeRTOS/Source/tasks.o
 .debug_line    0x00002cf4      0x66a FreeRTOS/Source/timers.o
 .debug_line    0x0000335e       0xfc KEYPAD.o
 .debug_line    0x0000345a      0x67c LCD.o
 .debug_line    0x00003ad6      0x153 main.o

.debug_frame    0x00000000     0x11b4
 *(.debug_frame)
 .debug_frame   0x00000000       0xac DIO.o
 .debug_frame   0x000000ac       0x88 FreeRTOS/Source/list.o
 .debug_frame   0x00000134       0x84 FreeRTOS/Source/portable/GCC/ATMega323/port.o
 .debug_frame   0x000001b8      0x120 FreeRTOS/Source/portable/MemMang/heap_4.o
 .debug_frame   0x000002d8      0x318 FreeRTOS/Source/queue.o
 .debug_frame   0x000005f0      0x614 FreeRTOS/Source/tasks.o
 .debug_frame   0x00000c04      0x2fc FreeRTOS/Source/timers.o
 .debug_frame   0x00000f00       0x50 KEYPAD.o
 .debug_frame   0x00000f50      0x1e4 LCD.o
 .debug_frame   0x00001134       0x80 main.o

.debug_str      0x00000000     0x1f3e
 *(.debug_str)
 .debug_str     0x00000000      0x196 C:/Program Files (x86)/Atmel/Studio/7.0/Packs/atmel/ATmega_DFP/1.7.374/gcc/dev/atmega32/avr5/crtatmega32.o
 .debug_str     0x00000196      0x2d8 DIO.o
                                0x30c (size before relaxing)
 .debug_str     0x0000046e      0x17c FreeRTOS/Source/list.o
                                0x2c0 (size before relaxing)
 .debug_str     0x000005ea      0x14e FreeRTOS/Source/portable/GCC/ATMega323/port.o
                                0x2d0 (size before relaxing)
 .debug_str     0x00000738      0x30e FreeRTOS/Source/portable/MemMang/heap_4.o
                                0x4a9 (size before relaxing)
 .debug_str     0x00000a46      0x541 FreeRTOS/Source/queue.o
                                0x7f9 (size before relaxing)
 .debug_str     0x00000f87      0x8b2 FreeRTOS/Source/tasks.o
                                0xda5 (size before relaxing)
 .debug_str     0x00001839      0x42a FreeRTOS/Source/timers.o
                                0x855 (size before relaxing)
 .debug_str     0x00001c63       0x32 KEYPAD.o
                                0x254 (size before relaxing)
 .debug_str     0x00001c95      0x184 LCD.o
                                0x3c8 (size before relaxing)
 .debug_str     0x00001e19      0x125 main.o
                                0x340 (size before relaxing)

.debug_loc      0x00000000     0x6c2d
 *(.debug_loc)
 .debug_loc     0x00000000      0x9c8 DIO.o
 .debug_loc     0x000009c8      0x145 FreeRTOS/Source/list.o
 .debug_loc     0x00000b0d      0x2a0 FreeRTOS/Source/portable/GCC/ATMega323/port.o
 .debug_loc     0x00000dad      0x626 FreeRTOS/Source/portable/MemMang/heap_4.o
 .debug_loc     0x000013d3     0x19bf FreeRTOS/Source/queue.o
 .debug_loc     0x00002d92     0x22fd FreeRTOS/Source/tasks.o
 .debug_loc     0x0000508f      0xf31 FreeRTOS/Source/timers.o
 .debug_loc     0x00005fc0       0xbf KEYPAD.o
 .debug_loc     0x0000607f      0xb7f LCD.o
 .debug_loc     0x00006bfe       0x2f main.o

.debug_macinfo
 *(.debug_macinfo)

.debug_weaknames
 *(.debug_weaknames)

.debug_funcnames
 *(.debug_funcnames)

.debug_typenames
 *(.debug_typenames)

.debug_varnames
 *(.debug_varnames)

.debug_pubtypes
 *(.debug_pubtypes)

.debug_ranges   0x00000000      0x578
 *(.debug_ranges)
 .debug_ranges  0x00000000       0x50 DIO.o
 .debug_ranges  0x00000050       0x30 FreeRTOS/Source/list.o
 .debug_ranges  0x00000080       0x40 FreeRTOS/Source/portable/GCC/ATMega323/port.o
 .debug_ranges  0x000000c0       0x50 FreeRTOS/Source/portable/MemMang/heap_4.o
 .debug_ranges  0x00000110      0x108 FreeRTOS/Source/queue.o
 .debug_ranges  0x00000218      0x1c8 FreeRTOS/Source/tasks.o
 .debug_ranges  0x000003e0       0xc8 FreeRTOS/Source/timers.o
 .debug_ranges  0x000004a8       0x18 KEYPAD.o
 .debug_ranges  0x000004c0       0x80 LCD.o
 .debug_ranges  0x00000540       0x38 main.o

.debug_macro
 *(.debug_macro)
OUTPUT(CALC.elf elf32-avr)
LOAD linker stubs
